C51 COMPILER V8.02   MAIN                                                                  02/22/2013 10:02:53 PAGE 1   


C51 COMPILER V8.02, COMPILATION OF MODULE MAIN
OBJECT MODULE PLACED IN main.OBJ
COMPILER INVOKED BY: D:\下载与应用\文件安装\新建文件夹 (2)\C51\BIN\C51.EXE main.c BROWSE DEBUG OBJECTEXTEND

line level    source

   1          /**********************SY-1实验开发板例程************************
   2          *  平台：SY-1+STC89C52
   3          *  名称：红外解码数码管显示
   4          *  公司：思源电子科技有限公司
   5          *  编写：思源
   6          *  日期：2012-12-25
   7          *   QQ : 936559219
   8          *  晶振:11.0592MHZ
   9          ******************************************************************/
  10          /*-----------------------------------------------
  11            名称：遥控器红外解码数码管显示
  12            内容：按配套遥控器上1-9会在数码管上对应显示
  13          ------------------------------------------------*/
  14          #include<reg52.h>    //包含头文件，一般情况不需要改动，头文件包含特殊功能寄存器的定义
  15          
  16          sbit IR=P3^2;  //红外接口标志
  17          
  18          #define DataPort P0 //定义数据端口 程序中遇到DataPort 则用P0 替换
  19          sbit LATCH1=P2^6;//定义锁存使能端口 段锁存
  20          sbit LATCH2=P2^7;//                 位锁存
  21          /*------------------------------------------------
  22                          全局变量声明
  23          ------------------------------------------------*/
  24          
  25          unsigned char code dofly_DuanMa[10]={0x3f,0x06,0x5b,0x4f,0x66,0x6d,0x7d,0x07,0x7f,0x6f};// 显示段码值0~9
  26          unsigned char  irtime;//红外用全局变量
  27          
  28          bit irpro_ok,irok;
  29          unsigned char IRcord[4];
  30          unsigned char irdata[33];
  31          
  32          /*------------------------------------------------
  33                            函数声明
  34          ------------------------------------------------*/
  35          
  36          void Ir_work(void);
  37          void Ircordpro(void);
  38          
  39          /*------------------------------------------------
  40                            定时器0中断处理
  41          ------------------------------------------------*/
  42          
  43          void tim0_isr (void) interrupt 1 using 1
  44          {
  45   1        irtime++;  //用于计数2个下降沿之间的时间
  46   1      }
  47          
  48          /*------------------------------------------------
  49                            外部中断0中断处理
  50          ------------------------------------------------*/
  51          void EX0_ISR (void) interrupt 0 //外部中断0服务函数
  52          {
  53   1        static unsigned char  i;             //接收红外信号处理
  54   1        static bit startflag;                //是否开始处理标志位
  55   1      
C51 COMPILER V8.02   MAIN                                                                  02/22/2013 10:02:53 PAGE 2   

  56   1      if(startflag)                         
  57   1         {
  58   2          if(irtime<63&&irtime>=33)//引导码 TC9012的头码，9ms+4.5ms
  59   2                              i=0;
  60   2                      irdata[i]=irtime;//存储每个电平的持续时间，用于以后判断是0还是1
  61   2                      irtime=0;
  62   2                      i++;
  63   2                               if(i==33)
  64   2                              {
  65   3                                       irok=1;
  66   3                                       i=0;
  67   3                                      }
  68   2                }
  69   1               else
  70   1                      {
  71   2                      irtime=0;
  72   2                      startflag=1;
  73   2                      }
  74   1      
  75   1      }
  76          
  77          /*------------------------------------------------
  78                          定时器0初始化
  79          ------------------------------------------------*/
  80          void TIM0init(void)//定时器0初始化
  81          {
  82   1      
  83   1        TMOD=0x02;//定时器0工作方式2，TH0是重装值，TL0是初值
  84   1        TH0=0x00; //重载值
  85   1        TL0=0x00; //初始化值
  86   1        ET0=1;    //开中断
  87   1        TR0=1;    
  88   1      }
  89          /*------------------------------------------------
  90                            外部中断0初始化
  91          ------------------------------------------------*/
  92          void EX0init(void)
  93          {
  94   1       IT0 = 1;   //指定外部中断0下降沿触发，INT0 (P3.2)
  95   1       EX0 = 1;   //使能外部中断
  96   1       EA = 1;    //开总中断
  97   1      }
  98          /*------------------------------------------------
  99                            键值处理
 100          ------------------------------------------------*/
 101          
 102          void Ir_work(void)//红外键值散转程序
 103          {
 104   1             switch(IRcord[2])//判断第三个数码值
 105   1                       {
 106   2                               case 0x0c:DataPort=dofly_DuanMa[1];break;//1 显示相应的按键值
 107   2                               case 0x18:DataPort=dofly_DuanMa[2];break;//2
 108   2                               case 0x5e:DataPort=dofly_DuanMa[3];break;//3
 109   2                               case 0x08:DataPort=dofly_DuanMa[4];break;//4
 110   2                               case 0x1c:DataPort=dofly_DuanMa[5];break;//5
 111   2                               case 0x5a:DataPort=dofly_DuanMa[6];break;//6
 112   2                               case 0x42:DataPort=dofly_DuanMa[7];break;//7
 113   2                               case 0x52:DataPort=dofly_DuanMa[8];break;//8
 114   2                               case 0x4a:DataPort=dofly_DuanMa[9];break;//9
 115   2                   default:break;
 116   2                               }
 117   1      
C51 COMPILER V8.02   MAIN                                                                  02/22/2013 10:02:53 PAGE 3   

 118   1                        irpro_ok=0;//处理完成标志
 119   1      
 120   1        }
 121          /*------------------------------------------------
 122                          红外码值处理
 123          ------------------------------------------------*/
 124          void Ircordpro(void)//红外码值处理函数
 125          { 
 126   1        unsigned char i, j, k;
 127   1        unsigned char cord,value;
 128   1      
 129   1        k=1;
 130   1        for(i=0;i<4;i++)      //处理4个字节
 131   1           {
 132   2            for(j=1;j<=8;j++) //处理1个字节8位
 133   2               {
 134   3                cord=irdata[k];
 135   3                if(cord>7)//大于某值为1，这个和晶振有绝对关系，这里使用12M计算，此值可以有一定误差
 136   3                   value|=0x80;
 137   3                if(j<8)
 138   3                          {
 139   4                               value>>=1;
 140   4                              }
 141   3                 k++;
 142   3               }
 143   2           IRcord[i]=value;
 144   2           value=0;     
 145   2           } 
 146   1               irpro_ok=1;//处理完毕标志位置1
 147   1      }
 148          
 149          /*------------------------------------------------
 150                              主函数
 151          ------------------------------------------------*/
 152          void main(void)
 153          {
 154   1       EX0init(); //初始化外部中断
 155   1       TIM0init();//初始化定时器
 156   1      
 157   1        DataPort=0xfe; //取位码 第一位数码管选通，即二进制1111 1110
 158   1        LATCH2=1;      //位锁存
 159   1        LATCH2=0;
 160   1      
 161   1       while(1)//主循环
 162   1         {
 163   2          if(irok)                        //如果接收好了进行红外处理
 164   2                {   
 165   3                 Ircordpro();
 166   3                 irok=0;
 167   3                }
 168   2      
 169   2          if(irpro_ok)                   //如果处理好后进行工作处理，如按对应的按键后显示对应的数字等
 170   2                {
 171   3                 Ir_work();
 172   3                }
 173   2         }
 174   1      }
 175            
 176            


MODULE INFORMATION:   STATIC OVERLAYABLE
C51 COMPILER V8.02   MAIN                                                                  02/22/2013 10:02:53 PAGE 4   

   CODE SIZE        =    252    ----
   CONSTANT SIZE    =     10    ----
   XDATA SIZE       =   ----    ----
   PDATA SIZE       =   ----    ----
   DATA SIZE        =     39    ----
   IDATA SIZE       =   ----    ----
   BIT SIZE         =      3    ----
END OF MODULE INFORMATION.


C51 COMPILATION COMPLETE.  0 WARNING(S),  0 ERROR(S)
