C51 COMPILER V8.02   JVZHENJIANPAN                                                         03/30/2013 17:24:12 PAGE 1   


C51 COMPILER V8.02, COMPILATION OF MODULE JVZHENJIANPAN
OBJECT MODULE PLACED IN jvzhenjianpan.OBJ
COMPILER INVOKED BY: D:\下载与应用\文件安装\新建文件夹 (2)\C51\BIN\C51.EXE jvzhenjianpan.c BROWSE DEBUG OBJECTEXTEND

line level    source

   1          /**********************SY-1实验开发板例程************************
   2          *  平台：SY-1+STC89C52
   3          *  4*4键盘检测程序,按下键后相应的代码显示在数码管上
   4          *  公司：思源电子科技有限公司
   5          *  编写：思源
   6          *  日期：2012-12-25
   7          *   QQ : 936559219
   8          *  晶振:11.0592MHZ
   9          ******************************************************************/
  10          
  11          #include<reg52.h>
  12          #define uchar unsigned char
  13          #define uint unsigned int
  14          sbit beep=P2^3;                 //定义蜂鸣器的位
  15          sbit duan=P2^6;                 //573的锁存位
  16          sbit wei=P2^7;                  //573的锁存位
  17          uchar i=100;
  18          uchar j,k,temp,key;
  19          void delay_ms(uint k)
  20           {
  21   1        uint i,j;
  22   1        for(i=0;i<k;i++)
  23   1         {
  24   2          for(j=0;j<113;j++)
  25   2               {
  26   3                ;
  27   3                }
  28   2              }
  29   1        }
  30          uchar code table[]={0x3f,0x06,0x5b,0x4f,0x66,0x6d,0x7d,
  31                                  0x07,0x7f,0x6f,0x77,0x7c,0x39,0x5e,0x79,0x71};
  32          display(uchar num)
  33          {
  34   1               P0=table[num];
  35   1               duan=1;
  36   1               duan=0;
  37   1               P0=0xc0;
  38   1               wei=1;
  39   1               wei=0;
  40   1      }
  41          void main()
  42          {
  43   1        duan=0;
  44   1        wei=0;
  45   1        while(1)
  46   1        {
  47   2          P3=0xfe;                     //第一行扫描初值
  48   2          temp=P3;                     //P3的值给变量temp
  49   2          temp=temp&0xf0;              //temp与0xf0按位与再赋值给temp
  50   2          if(temp!=0xf0)               //如果temp测试不等于0xf0
  51   2          {
  52   3            delay_ms(10);              //延时消抖
  53   3            if(temp!=0xf0)     //如果temp仍然测试不等于0xf0
  54   3            {
  55   4              temp=P3;                 //把P3当前的按键值给temp
C51 COMPILER V8.02   JVZHENJIANPAN                                                         03/30/2013 17:24:12 PAGE 2   

  56   4              switch(temp)     //看看temp是什么值选择下面的其它一种情况
  57   4              {
  58   5                case 0xee:     //情况1
  59   5                     key=0;
  60   5                     break;    //退出
  61   5      
  62   5                case 0xde:     //情况2
  63   5                     key=1;
  64   5                     break;    //退出
  65   5      
  66   5                case 0xbe:     //情况3
  67   5                     key=2;
  68   5                     break;    //退出
  69   5      
  70   5                case 0x7e:     //情况4
  71   5                     key=3;
  72   5                     break;    //退出
  73   5               }
  74   4               while(temp!=0xf0) //当temp仍然不等于0xf0(就是按那个键还没有松手),就执行花括号里的语句
  75   4               {
  76   5                 temp=P3;
  77   5                 temp=temp&0xf0;
  78   5      //           beep=0;
  79   5               }
  80   4               beep=1;                   // 松开了就停止蜂鸣器继续响
  81   4              display(key);      //显示按键值
  82   4            }
  83   3          }
  84   2          P3=0xfd;
  85   2          temp=P3;
  86   2          temp=temp&0xf0;
  87   2          if(temp!=0xf0)
  88   2          {
  89   3            delay_ms(10);
  90   3            if(temp!=0xf0)
  91   3            {
  92   4              temp=P3;
  93   4              switch(temp)
  94   4              {
  95   5                case 0xed:
  96   5                     key=4;
  97   5                     break;
  98   5      
  99   5                case 0xdd:
 100   5                     key=5;
 101   5                     break;
 102   5      
 103   5                case 0xbd:
 104   5                     key=6;
 105   5                     break;
 106   5      
 107   5                case 0x7d:
 108   5                     key=7;
 109   5                     break;
 110   5               }
 111   4               while(temp!=0xf0)
 112   4               {
 113   5                 temp=P3;
 114   5                 temp=temp&0xf0;
 115   5      //           beep=0;
 116   5               }
 117   4               beep=1;
C51 COMPILER V8.02   JVZHENJIANPAN                                                         03/30/2013 17:24:12 PAGE 3   

 118   4               display(key);
 119   4            }
 120   3            }
 121   2          P3=0xfb;
 122   2          temp=P3;
 123   2          temp=temp&0xf0;
 124   2          if(temp!=0xf0)
 125   2          {
 126   3            delay_ms(10);
 127   3            if(temp!=0xf0)
 128   3            {
 129   4              temp=P3;
 130   4              switch(temp)
 131   4              {
 132   5                case 0xeb:
 133   5                     key=8;
 134   5                     break;
 135   5      
 136   5                case 0xdb:
 137   5                     key=9;
 138   5                     break;
 139   5      
 140   5                case 0xbb:
 141   5                     key=10;
 142   5                     break;
 143   5      
 144   5                case 0x7b:
 145   5                     key=11;
 146   5                     break;
 147   5               }
 148   4               while(temp!=0xf0)
 149   4               {
 150   5                 temp=P3;
 151   5                 temp=temp&0xf0;
 152   5      //           beep=0;
 153   5               }
 154   4               beep=1;
 155   4              display(key);
 156   4            }
 157   3            }
 158   2          P3=0xf7;
 159   2          temp=P3;
 160   2          temp=temp&0xf0;
 161   2          if(temp!=0xf0)
 162   2          {
 163   3            delay_ms(10);
 164   3            if(temp!=0xf0)
 165   3            {
 166   4              temp=P3;
 167   4              switch(temp)
 168   4              {
 169   5                case 0xe7:
 170   5                     key=12;
 171   5                     break;
 172   5      
 173   5                case 0xd7:
 174   5                     key=13;
 175   5                     break;
 176   5      
 177   5                case 0xb7:
 178   5                     key=14;
 179   5                     break;
C51 COMPILER V8.02   JVZHENJIANPAN                                                         03/30/2013 17:24:12 PAGE 4   

 180   5      
 181   5                case 0x77:
 182   5                     key=15;
 183   5                     break;
 184   5               }
 185   4               while(temp!=0xf0)
 186   4               {
 187   5                 temp=P3;
 188   5                 temp=temp&0xf0;
 189   5      //           beep=0;
 190   5               }
 191   4               beep=1;
 192   4              display(key);
 193   4            }
 194   3          }
 195   2        }
 196   1      }


MODULE INFORMATION:   STATIC OVERLAYABLE
   CODE SIZE        =    392    ----
   CONSTANT SIZE    =     16    ----
   XDATA SIZE       =   ----    ----
   PDATA SIZE       =   ----    ----
   DATA SIZE        =      5    ----
   IDATA SIZE       =   ----    ----
   BIT SIZE         =   ----    ----
END OF MODULE INFORMATION.


C51 COMPILATION COMPLETE.  0 WARNING(S),  0 ERROR(S)
