C51 COMPILER V8.02   COUNTER                                                               12/26/2012 15:25:03 PAGE 1   


C51 COMPILER V8.02, COMPILATION OF MODULE COUNTER
OBJECT MODULE PLACED IN counter.OBJ
COMPILER INVOKED BY: D:\单片机\Keil Uvision3破解版\C51\BIN\C51.EXE counter.c BROWSE DEBUG OBJECTEXTEND

line level    source

   1          /**********************SY-1实验开发板例程************************
   2          *  平台：SY-1+STC89C52
   3          *  名称：本程序为计数器的基本驱动示例，计数器工作于方式1。
   4                                  对按键S2按下的次数进行计数，当计数记到3时，第一个发光二极管被点亮。
   5          *  公司：思源电子科技有限公司
   6          *  编写：思源
   7          *  日期：2012-12-25
   8          *   QQ : 936559219
   9          *  晶振:11.0592MHZ
  10          ******************************************************************/
  11          
  12          #include<reg52.h>
  13          
  14          #define uint unsigned int 
  15          //uint pp;
  16          
  17          sbit led=P1^0;
  18          sbit s2=P3^4;
  19          
  20          void main()
  21          {
  22   1              TMOD=0x05;               //模式设置，00000001，可见采用的是定时器0，工作与模式1（M1=0，M0=1）。
  23   1              TR0=1;                   //打开计数器
  24   1              ET0=1;                   //开计数器0中断
  25   1              EA=1;                    //开总中断
  26   1              while(1)
  27   1              {
  28   2                      if(TL0==3)      //当计数为3时，led被点亮。当然，由于有按键抖动，故有时未按三下S2，灯已经亮了。
  29   2                              led=0;
  30   2              }
  31   1      }
  32          /*
  33          void time0() interrupt 1
  34          {       
  35                  pp++;
  36          } */


MODULE INFORMATION:   STATIC OVERLAYABLE
   CODE SIZE        =     18    ----
   CONSTANT SIZE    =   ----    ----
   XDATA SIZE       =   ----    ----
   PDATA SIZE       =   ----    ----
   DATA SIZE        =   ----    ----
   IDATA SIZE       =   ----    ----
   BIT SIZE         =   ----    ----
END OF MODULE INFORMATION.


C51 COMPILATION COMPLETE.  0 WARNING(S),  0 ERROR(S)
