C51 COMPILER V8.02   0                                                                     03/30/2013 16:59:23 PAGE 1   


C51 COMPILER V8.02, COMPILATION OF MODULE 0
OBJECT MODULE PLACED IN 0.OBJ
COMPILER INVOKED BY: D:\下载与应用\文件安装\新建文件夹 (2)\C51\BIN\C51.EXE 0.c BROWSE DEBUG OBJECTEXTEND

line level    source

   1          /**********************SY-1实验开发板例程************************
   2          *  平台：SY-1+STC89C52
   3          *  名称：按下键盘矩阵后，在六个数码管上依次显示所按下的键所代表的数字。
   4                            按复位键可以清空显示为0
   5          *  公司：思源电子科技有限公司
   6          *  编写：思源
   7          *  日期：2012-12-25
   8          *   QQ : 936559219
   9          *  晶振:11.0592MHZ
  10          ******************************************************************/
  11          
  12          #include<reg51.h>
  13          
  14          #define uchar unsigned char
  15          
  16          uchar a0=16,b0=16,c0=16,d0=16,e0=16,f0=16,wei,temp,key,i,j,k;
  17          sbit dula=P2^6;
  18          sbit wela=P2^7;
  19          sbit beep=P2^3;
  20          
  21          unsigned char code table[]={0x3f,0x06,0x5b,0x4f,0x66,0x6d,0x7d,
  22                                  0x07,0x7f,0x6f,0x77,0x7c,0x39,0x5e,0x79,0x71,0x00};
  23          
  24          void delay(uchar i)
  25          {
  26   1              for(j=i;j>0;j--)
  27   1              for(k=125;k>0;k--);
  28   1      }
  29          void display(uchar a,uchar b,uchar c,uchar d,uchar e,uchar f)
  30          {
  31   1         dula=0;
  32   1         P0=table[a];
  33   1         dula=1;
  34   1         dula=0;
  35   1         
  36   1         wela=0;
  37   1         P0=0xfe;
  38   1         wela=1;
  39   1         wela=0;
  40   1         delay(5);
  41   1         
  42   1         P0=table[b];
  43   1         dula=1;
  44   1         dula=0;
  45   1         
  46   1         P0=0xfd;
  47   1         wela=1;
  48   1         wela=0;
  49   1         delay(5);
  50   1      
  51   1         P0=table[c];
  52   1         dula=1;
  53   1         dula=0;
  54   1         
  55   1         P0=0xfb;
C51 COMPILER V8.02   0                                                                     03/30/2013 16:59:23 PAGE 2   

  56   1         wela=1;
  57   1         wela=0;
  58   1         delay(5);
  59   1         
  60   1         P0=table[d];
  61   1         dula=1;
  62   1         dula=0;
  63   1         
  64   1         P0=0xf7;
  65   1         wela=1;
  66   1         wela=0;
  67   1         delay(5);
  68   1         
  69   1         P0=table[e];
  70   1         dula=1;
  71   1         dula=0;
  72   1         
  73   1         P0=0xef;
  74   1         wela=1;
  75   1         wela=0;
  76   1         delay(5);
  77   1         
  78   1         P0=table[f];
  79   1         dula=1;
  80   1         dula=0;
  81   1         
  82   1         P0=0xdf;
  83   1         wela=1;
  84   1         wela=0;
  85   1         delay(5);
  86   1      }
  87          
  88          void keyscan()
  89          {
  90   1        {     
  91   2          P3=0xfe;
  92   2          temp=P3;
  93   2          temp=temp&0xf0;
  94   2          if(temp!=0xf0)
  95   2          {
  96   3            delay(10);
  97   3            if(temp!=0xf0)
  98   3            { 
  99   4              temp=P3;
 100   4              switch(temp)
 101   4              {
 102   5                case 0xee:
 103   5                     key=0;
 104   5                                 wei++;
 105   5                     break;
 106   5      
 107   5                case 0xde:
 108   5                     key=1;
 109   5                                 wei++;
 110   5                     break;
 111   5      
 112   5                case 0xbe:
 113   5                     key=2;
 114   5                                 wei++;
 115   5                     break;
 116   5      
 117   5                case 0x7e:
C51 COMPILER V8.02   0                                                                     03/30/2013 16:59:23 PAGE 3   

 118   5                     key=3;
 119   5                                 wei++;
 120   5                     break;
 121   5               }
 122   4               while(temp!=0xf0) 
 123   4              {
 124   5                 temp=P3;
 125   5                 temp=temp&0xf0;
 126   5                 beep=0;
 127   5               }
 128   4               beep=1;
 129   4            }
 130   3          }
 131   2          P3=0xfd;
 132   2          temp=P3;
 133   2          temp=temp&0xf0;
 134   2          if(temp!=0xf0)
 135   2          {
 136   3            delay(10);
 137   3            if(temp!=0xf0)
 138   3            {
 139   4              temp=P3;
 140   4              switch(temp)
 141   4              {
 142   5                case 0xed:
 143   5                     key=4;
 144   5                                 wei++;
 145   5                     break;
 146   5      
 147   5                case 0xdd:
 148   5                     key=5;
 149   5                                 wei++;
 150   5                     break;
 151   5      
 152   5                case 0xbd:
 153   5                     key=6;
 154   5                                 wei++;
 155   5                     break;
 156   5      
 157   5                case 0x7d:
 158   5                     key=7;
 159   5                                 wei++;
 160   5                     break;
 161   5               }
 162   4               while(temp!=0xf0)
 163   4               {
 164   5                 temp=P3;
 165   5                 temp=temp&0xf0;
 166   5                 beep=0;
 167   5               }
 168   4               beep=1;
 169   4            }
 170   3            }
 171   2          P3=0xfb;
 172   2          temp=P3;
 173   2          temp=temp&0xf0;
 174   2          if(temp!=0xf0)
 175   2          {
 176   3            delay(10);
 177   3            if(temp!=0xf0)
 178   3            {
 179   4              temp=P3;
C51 COMPILER V8.02   0                                                                     03/30/2013 16:59:23 PAGE 4   

 180   4              switch(temp)
 181   4              {
 182   5                case 0xeb:
 183   5                     key=8;
 184   5                                 wei++;
 185   5                     break;
 186   5      
 187   5                case 0xdb:
 188   5                     key=9;
 189   5                                 wei++;
 190   5                     break;
 191   5                                 
 192   5                case 0xbb:
 193   5                     key=10;
 194   5                                 wei++;
 195   5                     break;
 196   5      
 197   5                case 0x7b:
 198   5                     key=11;
 199   5                                 wei++;
 200   5                     break;
 201   5               }
 202   4              while(temp!=0xf0)
 203   4               {
 204   5                 temp=P3;
 205   5                 temp=temp&0xf0;
 206   5                 beep=0;
 207   5               }
 208   4               beep=1;
 209   4            }
 210   3            }
 211   2                    P3=0xf7;
 212   2          temp=P3;
 213   2          temp=temp&0xf0;
 214   2          if(temp!=0xf0)
 215   2          {
 216   3            delay(10);
 217   3            if(temp!=0xf0)
 218   3            {
 219   4              temp=P3;
 220   4              switch(temp)
 221   4              {
 222   5                case 0xe7:
 223   5                     key=12;
 224   5                                 wei++;
 225   5                     break;
 226   5      
 227   5                case 0xd7:
 228   5                     key=13;
 229   5                                 wei++;
 230   5                     break;
 231   5      
 232   5                case 0xb7:
 233   5                     key=14;
 234   5                                 wei++;
 235   5                     break;
 236   5      
 237   5                case 0x77:
 238   5                     key=15;
 239   5                                 wei++;
 240   5                     break;
 241   5               }
C51 COMPILER V8.02   0                                                                     03/30/2013 16:59:23 PAGE 5   

 242   4               while(temp!=0xf0)
 243   4               {
 244   5                 temp=P3;
 245   5                 temp=temp&0xf0;
 246   5                 beep=0;
 247   5               }
 248   4               beep=1;
 249   4            }
 250   3          }
 251   2      }
 252   1      }
 253            void main()
 254            {
 255   1              while(1)
 256   1              {
 257   2              keyscan();
 258   2              if(key!=20)
 259   2              {
 260   3              switch(wei)
 261   3                      {
 262   4                              case 1: a0=key;
 263   4                                              b0=16;
 264   4                                              c0=16;
 265   4                                              d0=16;
 266   4                                              e0=16;
 267   4                                              f0=16;
 268   4                                              break;
 269   4                              case 2: b0=key;
 270   4                                              c0=16;
 271   4                                              d0=16;
 272   4                                              e0=16;
 273   4                                              f0=16;
 274   4                                              break;
 275   4                              case 3: c0=key;
 276   4                                              d0=16;
 277   4                                              e0=16;
 278   4                                              f0=16;
 279   4                                              break;
 280   4                              case 4: d0=key;
 281   4                                              e0=16;
 282   4                                              f0=16;
 283   4                                              break;
 284   4                              case 5: e0=key;
 285   4                                              f0=16; 
 286   4                                              break;
 287   4                              case 6: f0=key;
 288   4                                              wei=0;
 289   4                                              break;
 290   4              }
 291   3              key=20;
 292   3              }
 293   2              display(a0,b0,c0,d0,e0,f0);
 294   2      }
 295   1      }


MODULE INFORMATION:   STATIC OVERLAYABLE
   CODE SIZE        =    591    ----
   CONSTANT SIZE    =     17    ----
   XDATA SIZE       =   ----    ----
   PDATA SIZE       =   ----    ----
   DATA SIZE        =     12       6
C51 COMPILER V8.02   0                                                                     03/30/2013 16:59:23 PAGE 6   

   IDATA SIZE       =   ----    ----
   BIT SIZE         =   ----    ----
END OF MODULE INFORMATION.


C51 COMPILATION COMPLETE.  0 WARNING(S),  0 ERROR(S)
