C51 COMPILER V8.02   BIAOJUE                                                               12/26/2012 15:14:43 PAGE 1   


C51 COMPILER V8.02, COMPILATION OF MODULE BIAOJUE
OBJECT MODULE PLACED IN biaojue.OBJ
COMPILER INVOKED BY: D:\单片机\Keil Uvision3破解版\C51\BIN\C51.EXE biaojue.c BROWSE DEBUG OBJECTEXTEND

line level    source

   1          /**********************SY-1实验开发板例程************************
   2          *  平台：SY-1+STC89C52
   3          *  名称：表决器
   4          *  公司：思源电子科技有限公司
   5          *  编写：思源
   6          *  日期：2012-12-25
   7          *   QQ : 936559219
   8          *  晶振:11.0592MHZ
   9          ******************************************************************
  10          
  11          //注意事项：10天教程中的LCD1602第5脚由于当时设计错误，直接接到GND上了，接了低电平。
  12          //本实验需要把LCD1602第5脚，读/写脚接到GND上，有两种方法，第一种，用杜邦线把P3.6脚接到GND上。
  13          //另一种方法，定义一个 P3.6 IO口，在主函数中 把P3.6 写一个低电平就可以了。
  14          //sbit WR = P3^6; 在后面主函数中加入 WR=0;就可以不用接杜邦线， P3.6到GND的杜邦线不要。
  15          //WR=0;
  16          
  17          程序功能：表决器，模拟三位评委的表决，并做出判断，将结果显示于1602上。
  18                            共用到SY-1学习板上左二列的S6,S7,S10,S11,S14,S15,S18七个按键。
  19                            其中S18为清零键，对1602进行清屏和对相关变量清零。
  20                            每位评委操控两个按键，分别代表“通过”和“不通过”。
  21                            第一位评委控制S6（通过）与S7（不通过）；
  22                            第二位评委控制S10（通过）与S11（不通过）；
  23                            第三位评委控制S14（通过）与S15（不通过）；
  24                            当按“通过”次数多于“不通过”时，1602将显示“yes”，否则显示“no”。
  25                            在一个回合中，每位评委只有一次按键的权利，一旦按下，其操控的两个
  26                            按键均将被封锁，再按也不会有任何作用。除非按下清零键S18清零后开始下一回合。
  27          
  28          ************************************************************************************/
  29          
  30          #include<reg52.h>
  31          #define uchar unsigned char 
  32          #define uint unsigned int
  33          sbit dula=P2^6;
  34          sbit wela=P2^7;
  35          sbit rs=P1^0;
  36          sbit rw=P1^1;
  37          sbit beep=P2^3;
  38          sbit lcden=P2^5;
  39          
  40          bit ok1,ok2,ok3,clear;
  41          
  42          uchar pass,nopass,temp;
  43          uchar table[]="yes";
  44          uchar table1[]="no";
  45          uchar table2[]="agree";
  46          uchar table3[]="disagree";
  47          uchar table4[]="   ";
  48          uchar table5[]="  ";
  49          
  50          void delay(uint z)
  51          {
  52   1              uint x,y;
  53   1              for(x=z;x>0;x--)
  54   1                      for(y=110;y>0;y--);
  55   1      }
C51 COMPILER V8.02   BIAOJUE                                                               12/26/2012 15:14:43 PAGE 2   

  56          
  57          
  58          
  59          void write_com(uchar com)
  60          {
  61   1              rs=0;
  62   1              lcden=0;
  63   1              P0=com;
  64   1              delay(5);
  65   1              lcden=1;
  66   1              delay(5);
  67   1              lcden=0;        
  68   1      }
  69          
  70          void write_date(uchar date)
  71          {
  72   1              rs=1;
  73   1              lcden=0;
  74   1              P0=date;
  75   1              delay(5);
  76   1              lcden=1;
  77   1              delay(5);
  78   1              lcden=0;        
  79   1      }
  80          
  81          
  82          
  83          void init()
  84          {       
  85   1              rw=0;
  86   1      //      uchar a;
  87   1              dula=0;
  88   1              wela=0;
  89   1              write_com(0x38);
  90   1              delay(20);
  91   1              write_com(0x0c);
  92   1              delay(20);
  93   1              write_com(0x06);
  94   1              delay(20);
  95   1              write_com(0x01);
  96   1              delay(20);
  97   1                      
  98   1      }
  99          
 100          void yes()
 101          {
 102   1              uchar a;
 103   1              write_com(0x80+12);
 104   1              delay(20);
 105   1              for(a=0;a<3;a++)
 106   1              {
 107   2                      write_date(table[a]);
 108   2                      delay(20);
 109   2              }
 110   1      }
 111          
 112          void no()
 113          {
 114   1              uchar a;
 115   1              write_com(0x80+0x40+12);
 116   1              delay(20);
 117   1              for(a=0;a<2;a++)
C51 COMPILER V8.02   BIAOJUE                                                               12/26/2012 15:14:43 PAGE 3   

 118   1              {
 119   2                      write_date(table1[a]);
 120   2                      delay(20);
 121   2              }
 122   1      }
 123          
 124          void agree()
 125          {
 126   1              uchar a;
 127   1              write_com(0x80);
 128   1              delay(20);
 129   1              for(a=0;a<5;a++)
 130   1              {
 131   2                      write_date(table2[a]);
 132   2                      delay(20);
 133   2              }
 134   1      }
 135          
 136          void disagree()
 137          {
 138   1              uchar a;
 139   1              write_com(0x80+0x40);
 140   1              delay(20);
 141   1              for(a=0;a<8;a++)
 142   1              {
 143   2                      write_date(table3[a]);
 144   2                      delay(20);
 145   2              }
 146   1      }
 147          
 148          void keyscan()
 149          {
 150   1          if(!ok1)
 151   1              { 
 152   2              P3=0xfe;
 153   2          temp=P3;
 154   2          temp=temp&0xf0;
 155   2          if(temp!=0xf0)
 156   2          {
 157   3            delay(10);
 158   3            if(temp!=0xf0)
 159   3            {
 160   4              temp=P3;
 161   4                      switch(temp)
 162   4              {
 163   5                case 0xee:
 164   5                     pass++;
 165   5                                 ok1=1;               //一号评委已判决。
 166   5                     break;
 167   5      
 168   5                case 0xde:
 169   5                     nopass++;
 170   5                                 ok1=1;
 171   5                     break;
 172   5               }
 173   4               while(temp!=0xf0)
 174   4               {
 175   5                 temp=P3;
 176   5                 temp=temp&0xf0;
 177   5                 beep=0;
 178   5               }
 179   4               beep=1;
C51 COMPILER V8.02   BIAOJUE                                                               12/26/2012 15:14:43 PAGE 4   

 180   4            }
 181   3          }
 182   2              }
 183   1              if(!ok2)
 184   1              {
 185   2          P3=0xfd;
 186   2          temp=P3;
 187   2          temp=temp&0xf0;
 188   2          if(temp!=0xf0)
 189   2          {
 190   3            delay(10);
 191   3            if(temp!=0xf0)
 192   3            {
 193   4              temp=P3;
 194   4              switch(temp)
 195   4              {
 196   5                case 0xed:
 197   5                     pass++;
 198   5                                 ok2=1;
 199   5                     break;
 200   5      
 201   5                case 0xdd:
 202   5                     nopass++;
 203   5                                 ok2=1;
 204   5                     break;
 205   5               }
 206   4               while(temp!=0xf0)
 207   4               {
 208   5                 temp=P3;
 209   5                 temp=temp&0xf0;
 210   5                 beep=0;
 211   5               }
 212   4               beep=1;
 213   4            }
 214   3            }
 215   2                }
 216   1              if(!ok3)
 217   1              {
 218   2          P3=0xfb;
 219   2          temp=P3;
 220   2          temp=temp&0xf0;
 221   2          if(temp!=0xf0)
 222   2          {
 223   3            delay(10);
 224   3            if(temp!=0xf0)
 225   3            {
 226   4              temp=P3;
 227   4              switch(temp)
 228   4              {
 229   5                case 0xeb:
 230   5                     pass++;
 231   5                                 ok3=1;
 232   5                     break;
 233   5      
 234   5                case 0xdb:
 235   5                     nopass++;
 236   5                                 ok3=1;
 237   5                     break;
 238   5               }
 239   4               while(temp!=0xf0)
 240   4               {
 241   5                 temp=P3;
C51 COMPILER V8.02   BIAOJUE                                                               12/26/2012 15:14:43 PAGE 5   

 242   5                 temp=temp&0xf0;
 243   5                 beep=0;
 244   5               }
 245   4               beep=1;
 246   4            }
 247   3            }
 248   2                }
 249   1                    P3=0xf7;
 250   1          temp=P3;
 251   1          temp=temp&0xf0;
 252   1          if(temp!=0xf0)
 253   1          {
 254   2            delay(10);
 255   2            if(temp!=0xf0)
 256   2            {
 257   3              temp=P3;
 258   3              switch(temp)
 259   3              {
 260   4                case 0xe7:
 261   4                     clear=1;
 262   4                     break;
 263   4                
 264   4               }
 265   3               while(temp!=0xf0)
 266   3               {
 267   4                 temp=P3;
 268   4                 temp=temp&0xf0;
 269   4                 beep=0;
 270   4               }
 271   3               beep=1;
 272   3            }
 273   2          }
 274   1      }
 275          
 276          void main()
 277          {
 278   1              uchar a,b;
 279   1              init();
 280   1              while(1)
 281   1              {       
 282   2                      agree();
 283   2                      disagree();
 284   2                      keyscan();
 285   2                      if(pass||nopass)
 286   2                      {
 287   3                              write_com(0x80+10);
 288   3                              delay(20);
 289   3                              write_date(0x30+pass);
 290   3                              write_com(0x80+0x40+10);
 291   3                              delay(20);
 292   3                              write_date(0x30+nopass);
 293   3                      }
 294   2                      a=pass+nopass;
 295   2                      if(a==3)
 296   2                      {
 297   3                              if(pass>nopass)
 298   3                              yes();
 299   3                              if(pass<nopass)
 300   3                              no(); 
 301   3                      }
 302   2                      if(clear)
 303   2                      {
C51 COMPILER V8.02   BIAOJUE                                                               12/26/2012 15:14:43 PAGE 6   

 304   3                              ok1=0;  ok2=0;  ok3=0;  
 305   3                              pass=0; nopass=0;       clear=0;        a=0;
 306   3                              agree();
 307   3                              disagree();
 308   3                              write_com(0x80+10);
 309   3                              delay(20);
 310   3                              write_date(0x30+pass);
 311   3                              write_com(0x80+0x40+10);
 312   3                              delay(20);
 313   3                              write_date(0x30+nopass);
 314   3              
 315   3                              write_com(0x80+12);
 316   3                              for(b=0;b<3;b++)
 317   3                              {
 318   4                                      write_date(table4[b]);
 319   4                                      delay(20);
 320   4                              }
 321   3                              write_com(0x80+0x40+12);
 322   3                              for(b=0;b<2;b++)
 323   3                              {
 324   4                                      write_date(table5[b]);
 325   4                                      delay(20);
 326   4                              } 
 327   3                      }          
 328   2              }
 329   1      }


MODULE INFORMATION:   STATIC OVERLAYABLE
   CODE SIZE        =    644    ----
   CONSTANT SIZE    =   ----    ----
   XDATA SIZE       =   ----    ----
   PDATA SIZE       =   ----    ----
   DATA SIZE        =     32    ----
   IDATA SIZE       =   ----    ----
   BIT SIZE         =      4    ----
END OF MODULE INFORMATION.


C51 COMPILATION COMPLETE.  0 WARNING(S),  0 ERROR(S)
